config: L=4000(20s) nfft=200 hop=100 -> 39 frames x 101 bins; ctx=23 predict 16
[hw_guard] CPU 80C >= 80C — pausing to cool...
[hw_guard] cooled to 62C — resuming.
rand0: embedded 2417 recordings
rand1: embedded 2417 recordings
[hw_guard] CPU 81C >= 80C — pausing to cool...
[hw_guard] cooled to 61C — resuming.
[hw_guard] CPU 80C >= 80C — pausing to cool...
[hw_guard] cooled to 61C — resuming.
rand2: embedded 2417 recordings
[hw_guard] CPU 81C >= 80C — pausing to cool...
[hw_guard] cooled to 63C — resuming.
rand3: embedded 2417 recordings
[hw_guard] CPU 80C >= 80C — pausing to cool...
[hw_guard] cooled to 63C — resuming.
[hw_guard] CPU 80C >= 80C — pausing to cool...
[hw_guard] cooled to 62C — resuming.
rand4: embedded 2417 recordings
[hw_guard] CPU 87C >= 80C — pausing to cool...
[hw_guard] cooled to 69C — resuming.
[hw_guard] CPU 88C >= 80C — pausing to cool...
config: L=4000(20s) nfft=200 hop=100 -> 39 frames x 101 bins; ctx=23 predict 16
[hw_guard] CPU 85C >= 80C — pausing to cool...
[hw_guard] cooled to 61C — resuming.
[hw_guard] CPU 83C >= 80C — pausing to cool...
[hw_guard] cooled to 60C — resuming.
[hw_guard] CPU 83C >= 80C — pausing to cool...
[hw_guard] cooled to 61C — resuming.
[hw_guard] CPU 84C >= 80C — pausing to cool...
[hw_guard] cooled to 67C — resuming.
[hw_guard] CPU 84C >= 80C — pausing to cool...
[hw_guard] cooled to 61C — resuming.
FEI@4000  pretrained 0.819  rand 0.810 ± 0.025 (seeds [0.808 0.822 0.818 0.809 0.793])  Δ +0.009  4/5 folds  p=0.1697
C         pretrained 0.836  rand 0.794 ± 0.009 (seeds [0.788 0.794 0.799 0.795 0.796])  Δ +0.041  5/5 folds  p=0.0154
FEI+C     pretrained 0.865  rand 0.834 ± 0.007 (seeds [0.826 0.835 0.849 0.841 0.817])  Δ +0.032  5/5 folds  p=0.0411
