[2026-09-26 14:23:59] LANE START
[2026-09-26 14:23:59] waiting for ft_vitm_s0_bf16 (pid 428761)
[2026-09-26 14:24:14] relaunch (steps unrolled for status.sh)
[2026-09-26 14:24:14] LANE START
[2026-09-26 14:24:14] waiting for ft_vitm_s0_bf16 (pid 428761)
[2026-09-26 14:31:11] relaunch (bench bf16 compile variants first)
[2026-09-26 14:31:11] LANE START
[2026-09-26 14:31:11] waiting for ft_vitm_s0_bf16 (pid 428761)
[2026-09-26 14:37:31] START bench_bf16_compile
[2026-09-26 14:39:54] END rc=0
[2026-09-26 14:39:54] queue flags: --bf16 
[2026-09-26 14:39:54] START scratch_vitm_s0_bf16
[2026-09-26 15:09:48] END rc=0
[2026-09-26 15:09:48] START ft_vitm_s1_bf16
[2026-09-26 15:41:29] END rc=0
[2026-09-26 15:41:29] START scratch_vitm_s1_bf16
[2026-09-26 16:10:33] END rc=0
[2026-09-26 16:10:33] START ft_vitm_s2_bf16
[2026-09-26 16:39:32] END rc=0
[2026-09-26 16:39:32] START scratch_vitm_s2_bf16
[2026-09-26 17:08:26] END rc=0
[2026-09-26 17:08:26] START ft_vitm_s3_bf16
[2026-09-26 17:37:21] END rc=0
[2026-09-26 17:37:21] START scratch_vitm_s3_bf16
[2026-09-26 18:08:02] END rc=0
[2026-09-26 18:08:02] START ft_vitm_s4_bf16
[2026-09-26 19:00:57] END rc=0
[2026-09-26 19:00:57] START scratch_vitm_s4_bf16
[2026-09-26 19:48:45] END rc=0
[2026-09-26 19:48:45] LANE DONE
