[hw_guard] CPU 84C >= 80C — pausing to cool...
[hw_guard] cooled to 60C — resuming.
/home/mashfiq/eeg_vjepa/code/stroke_phaseB.py:61: RuntimeWarning: Online software filter detected. Using software filter settings and ignoring hardware values
  raw = mne.io.read_raw_brainvision(f"{RAW}/{subj}.vhdr", preload=False, verbose=False)
/home/mashfiq/eeg_vjepa/code/stroke_phaseB.py:63: RuntimeWarning: The unit for channel(s) A1 has changed from V to NA.
  raw.set_channel_types({c: "eog" for c in raw.ch_names if "EOG" in c} | {"A1": "misc"})
/home/mashfiq/eeg_vjepa/code/stroke_phaseB.py:64: RuntimeWarning: Not setting position of 1 misc channel found in montage:
['A1']
Consider setting the channel types to be of EEG/sEEG/ECoG/DBS/fNIRS using inst.set_channel_types before calling inst.set_montage, or omit these channels when creating your montage.
  raw.set_montage("standard_1005", match_case=False, on_missing="ignore", verbose=False)
[hw_guard] CPU 85C >= 80C — pausing to cool...
[hw_guard] cooled to 68C — resuming.
/home/mashfiq/eeg_vjepa/code/stroke_phaseB.py:61: RuntimeWarning: Online software filter detected. Using software filter settings and ignoring hardware values
  raw = mne.io.read_raw_brainvision(f"{RAW}/{subj}.vhdr", preload=False, verbose=False)
/home/mashfiq/eeg_vjepa/code/stroke_phaseB.py:63: RuntimeWarning: The unit for channel(s) A1 has changed from V to NA.
  raw.set_channel_types({c: "eog" for c in raw.ch_names if "EOG" in c} | {"A1": "misc"})
/home/mashfiq/eeg_vjepa/code/stroke_phaseB.py:64: RuntimeWarning: Not setting position of 1 misc channel found in montage:
['A1']
Consider setting the channel types to be of EEG/sEEG/ECoG/DBS/fNIRS using inst.set_channel_types before calling inst.set_montage, or omit these channels when creating your montage.
  raw.set_montage("standard_1005", match_case=False, on_missing="ignore", verbose=False)
/home/mashfiq/eeg_vjepa/code/stroke_phaseB.py:61: RuntimeWarning: Online software filter detected. Using software filter settings and ignoring hardware values
  raw = mne.io.read_raw_brainvision(f"{RAW}/{subj}.vhdr", preload=False, verbose=False)
/home/mashfiq/eeg_vjepa/code/stroke_phaseB.py:63: RuntimeWarning: The unit for channel(s) A1 has changed from V to NA.
  raw.set_channel_types({c: "eog" for c in raw.ch_names if "EOG" in c} | {"A1": "misc"})
/home/mashfiq/eeg_vjepa/code/stroke_phaseB.py:64: RuntimeWarning: Not setting position of 1 misc channel found in montage:
['A1']
Consider setting the channel types to be of EEG/sEEG/ECoG/DBS/fNIRS using inst.set_channel_types before calling inst.set_montage, or omit these channels when creating your montage.
  raw.set_montage("standard_1005", match_case=False, on_missing="ignore", verbose=False)
/home/mashfiq/eeg_vjepa/code/stroke_phaseB.py:61: RuntimeWarning: Online software filter detected. Using software filter settings and ignoring hardware values
  raw = mne.io.read_raw_brainvision(f"{RAW}/{subj}.vhdr", preload=False, verbose=False)
/home/mashfiq/eeg_vjepa/code/stroke_phaseB.py:63: RuntimeWarning: The unit for channel(s) A1 has changed from V to NA.
  raw.set_channel_types({c: "eog" for c in raw.ch_names if "EOG" in c} | {"A1": "misc"})
/home/mashfiq/eeg_vjepa/code/stroke_phaseB.py:64: RuntimeWarning: Not setting position of 1 misc channel found in montage:
['A1']
Consider setting the channel types to be of EEG/sEEG/ECoG/DBS/fNIRS using inst.set_channel_types before calling inst.set_montage, or omit these channels when creating your montage.
  raw.set_montage("standard_1005", match_case=False, on_missing="ignore", verbose=False)
/home/mashfiq/eeg_vjepa/code/stroke_phaseB.py:61: RuntimeWarning: Online software filter detected. Using software filter settings and ignoring hardware values
  raw = mne.io.read_raw_brainvision(f"{RAW}/{subj}.vhdr", preload=False, verbose=False)
/home/mashfiq/eeg_vjepa/code/stroke_phaseB.py:63: RuntimeWarning: The unit for channel(s) A1 has changed from V to NA.
  raw.set_channel_types({c: "eog" for c in raw.ch_names if "EOG" in c} | {"A1": "misc"})
/home/mashfiq/eeg_vjepa/code/stroke_phaseB.py:64: RuntimeWarning: Not setting position of 1 misc channel found in montage:
['A1']
Consider setting the channel types to be of EEG/sEEG/ECoG/DBS/fNIRS using inst.set_channel_types before calling inst.set_montage, or omit these channels when creating your montage.
  raw.set_montage("standard_1005", match_case=False, on_missing="ignore", verbose=False)
/home/mashfiq/eeg_vjepa/code/stroke_phaseB.py:61: RuntimeWarning: Online software filter detected. Using software filter settings and ignoring hardware values
  raw = mne.io.read_raw_brainvision(f"{RAW}/{subj}.vhdr", preload=False, verbose=False)
/home/mashfiq/eeg_vjepa/code/stroke_phaseB.py:63: RuntimeWarning: The unit for channel(s) A1 has changed from V to NA.
  raw.set_channel_types({c: "eog" for c in raw.ch_names if "EOG" in c} | {"A1": "misc"})
/home/mashfiq/eeg_vjepa/code/stroke_phaseB.py:64: RuntimeWarning: Not setting position of 1 misc channel found in montage:
['A1']
Consider setting the channel types to be of EEG/sEEG/ECoG/DBS/fNIRS using inst.set_channel_types before calling inst.set_montage, or omit these channels when creating your montage.
  raw.set_montage("standard_1005", match_case=False, on_missing="ignore", verbose=False)
[hw_guard] CPU 81C >= 80C — pausing to cool...
[hw_guard] cooled to 61C — resuming.
/home/mashfiq/eeg_vjepa/code/stroke_phaseB.py:61: RuntimeWarning: Online software filter detected. Using software filter settings and ignoring hardware values
  raw = mne.io.read_raw_brainvision(f"{RAW}/{subj}.vhdr", preload=False, verbose=False)
/home/mashfiq/eeg_vjepa/code/stroke_phaseB.py:63: RuntimeWarning: The unit for channel(s) A1 has changed from V to NA.
  raw.set_channel_types({c: "eog" for c in raw.ch_names if "EOG" in c} | {"A1": "misc"})
/home/mashfiq/eeg_vjepa/code/stroke_phaseB.py:64: RuntimeWarning: Not setting position of 1 misc channel found in montage:
['A1']
Consider setting the channel types to be of EEG/sEEG/ECoG/DBS/fNIRS using inst.set_channel_types before calling inst.set_montage, or omit these channels when creating your montage.
  raw.set_montage("standard_1005", match_case=False, on_missing="ignore", verbose=False)
/home/mashfiq/eeg_vjepa/code/stroke_phaseB.py:61: RuntimeWarning: Online software filter detected. Using software filter settings and ignoring hardware values
  raw = mne.io.read_raw_brainvision(f"{RAW}/{subj}.vhdr", preload=False, verbose=False)
/home/mashfiq/eeg_vjepa/code/stroke_phaseB.py:63: RuntimeWarning: The unit for channel(s) A1 has changed from V to NA.
  raw.set_channel_types({c: "eog" for c in raw.ch_names if "EOG" in c} | {"A1": "misc"})
/home/mashfiq/eeg_vjepa/code/stroke_phaseB.py:64: RuntimeWarning: Not setting position of 1 misc channel found in montage:
['A1']
Consider setting the channel types to be of EEG/sEEG/ECoG/DBS/fNIRS using inst.set_channel_types before calling inst.set_montage, or omit these channels when creating your montage.
  raw.set_montage("standard_1005", match_case=False, on_missing="ignore", verbose=False)
/home/mashfiq/eeg_vjepa/code/stroke_phaseB.py:61: RuntimeWarning: Online software filter detected. Using software filter settings and ignoring hardware values
  raw = mne.io.read_raw_brainvision(f"{RAW}/{subj}.vhdr", preload=False, verbose=False)
/home/mashfiq/eeg_vjepa/code/stroke_phaseB.py:63: RuntimeWarning: The unit for channel(s) A1 has changed from V to NA.
  raw.set_channel_types({c: "eog" for c in raw.ch_names if "EOG" in c} | {"A1": "misc"})
/home/mashfiq/eeg_vjepa/code/stroke_phaseB.py:64: RuntimeWarning: Not setting position of 1 misc channel found in montage:
['A1']
Consider setting the channel types to be of EEG/sEEG/ECoG/DBS/fNIRS using inst.set_channel_types before calling inst.set_montage, or omit these channels when creating your montage.
  raw.set_montage("standard_1005", match_case=False, on_missing="ignore", verbose=False)
[hw_guard] CPU 85C >= 80C — pausing to cool...
[hw_guard] cooled to 61C — resuming.
/home/mashfiq/eeg_vjepa/code/stroke_phaseB.py:61: RuntimeWarning: Online software filter detected. Using software filter settings and ignoring hardware values
  raw = mne.io.read_raw_brainvision(f"{RAW}/{subj}.vhdr", preload=False, verbose=False)
/home/mashfiq/eeg_vjepa/code/stroke_phaseB.py:63: RuntimeWarning: The unit for channel(s) A1 has changed from V to NA.
  raw.set_channel_types({c: "eog" for c in raw.ch_names if "EOG" in c} | {"A1": "misc"})
/home/mashfiq/eeg_vjepa/code/stroke_phaseB.py:64: RuntimeWarning: Not setting position of 1 misc channel found in montage:
['A1']
Consider setting the channel types to be of EEG/sEEG/ECoG/DBS/fNIRS using inst.set_channel_types before calling inst.set_montage, or omit these channels when creating your montage.
  raw.set_montage("standard_1005", match_case=False, on_missing="ignore", verbose=False)
/home/mashfiq/eeg_vjepa/code/stroke_phaseB.py:61: RuntimeWarning: Online software filter detected. Using software filter settings and ignoring hardware values
  raw = mne.io.read_raw_brainvision(f"{RAW}/{subj}.vhdr", preload=False, verbose=False)
/home/mashfiq/eeg_vjepa/code/stroke_phaseB.py:63: RuntimeWarning: The unit for channel(s) A1 has changed from V to NA.
  raw.set_channel_types({c: "eog" for c in raw.ch_names if "EOG" in c} | {"A1": "misc"})
/home/mashfiq/eeg_vjepa/code/stroke_phaseB.py:64: RuntimeWarning: Not setting position of 1 misc channel found in montage:
['A1']
Consider setting the channel types to be of EEG/sEEG/ECoG/DBS/fNIRS using inst.set_channel_types before calling inst.set_montage, or omit these channels when creating your montage.
  raw.set_montage("standard_1005", match_case=False, on_missing="ignore", verbose=False)
/home/mashfiq/eeg_vjepa/code/stroke_phaseB.py:61: RuntimeWarning: Online software filter detected. Using software filter settings and ignoring hardware values
  raw = mne.io.read_raw_brainvision(f"{RAW}/{subj}.vhdr", preload=False, verbose=False)
/home/mashfiq/eeg_vjepa/code/stroke_phaseB.py:63: RuntimeWarning: The unit for channel(s) A1 has changed from V to NA.
  raw.set_channel_types({c: "eog" for c in raw.ch_names if "EOG" in c} | {"A1": "misc"})
/home/mashfiq/eeg_vjepa/code/stroke_phaseB.py:64: RuntimeWarning: Not setting position of 1 misc channel found in montage:
['A1']
Consider setting the channel types to be of EEG/sEEG/ECoG/DBS/fNIRS using inst.set_channel_types before calling inst.set_montage, or omit these channels when creating your montage.
  raw.set_montage("standard_1005", match_case=False, on_missing="ignore", verbose=False)
[hw_guard] CPU 83C >= 80C — pausing to cool...
[hw_guard] cooled to 61C — resuming.
/home/mashfiq/eeg_vjepa/code/stroke_phaseB.py:61: RuntimeWarning: Online software filter detected. Using software filter settings and ignoring hardware values
  raw = mne.io.read_raw_brainvision(f"{RAW}/{subj}.vhdr", preload=False, verbose=False)
/home/mashfiq/eeg_vjepa/code/stroke_phaseB.py:63: RuntimeWarning: The unit for channel(s) A1 has changed from V to NA.
  raw.set_channel_types({c: "eog" for c in raw.ch_names if "EOG" in c} | {"A1": "misc"})
/home/mashfiq/eeg_vjepa/code/stroke_phaseB.py:64: RuntimeWarning: Not setting position of 1 misc channel found in montage:
['A1']
Consider setting the channel types to be of EEG/sEEG/ECoG/DBS/fNIRS using inst.set_channel_types before calling inst.set_montage, or omit these channels when creating your montage.
  raw.set_montage("standard_1005", match_case=False, on_missing="ignore", verbose=False)
/home/mashfiq/eeg_vjepa/code/stroke_phaseB.py:61: RuntimeWarning: Online software filter detected. Using software filter settings and ignoring hardware values
  raw = mne.io.read_raw_brainvision(f"{RAW}/{subj}.vhdr", preload=False, verbose=False)
/home/mashfiq/eeg_vjepa/code/stroke_phaseB.py:63: RuntimeWarning: The unit for channel(s) A1 has changed from V to NA.
  raw.set_channel_types({c: "eog" for c in raw.ch_names if "EOG" in c} | {"A1": "misc"})
/home/mashfiq/eeg_vjepa/code/stroke_phaseB.py:64: RuntimeWarning: Not setting position of 1 misc channel found in montage:
['A1']
Consider setting the channel types to be of EEG/sEEG/ECoG/DBS/fNIRS using inst.set_channel_types before calling inst.set_montage, or omit these channels when creating your montage.
  raw.set_montage("standard_1005", match_case=False, on_missing="ignore", verbose=False)
/home/mashfiq/eeg_vjepa/code/stroke_phaseB.py:61: RuntimeWarning: Online software filter detected. Using software filter settings and ignoring hardware values
  raw = mne.io.read_raw_brainvision(f"{RAW}/{subj}.vhdr", preload=False, verbose=False)
/home/mashfiq/eeg_vjepa/code/stroke_phaseB.py:63: RuntimeWarning: The unit for channel(s) A1 has changed from V to NA.
  raw.set_channel_types({c: "eog" for c in raw.ch_names if "EOG" in c} | {"A1": "misc"})
/home/mashfiq/eeg_vjepa/code/stroke_phaseB.py:64: RuntimeWarning: Not setting position of 1 misc channel found in montage:
['A1']
Consider setting the channel types to be of EEG/sEEG/ECoG/DBS/fNIRS using inst.set_channel_types before calling inst.set_montage, or omit these channels when creating your montage.
  raw.set_montage("standard_1005", match_case=False, on_missing="ignore", verbose=False)
config: L=4000(20s) nfft=200 hop=100 -> 39 frames x 101 bins; ctx=23 predict 16
[hw_guard] CPU 81C >= 80C — pausing to cool...
[hw_guard] cooled to 60C — resuming.
[hw_guard] CPU 92C >= 80C — pausing to cool...
[hw_guard] cooled to 61C — resuming.
[hw_guard] CPU 83C >= 80C — pausing to cool...
[hw_guard] cooled to 60C — resuming.
[hw_guard] CPU 84C >= 80C — pausing to cool...
[hw_guard] cooled to 60C — resuming.
[hw_guard] CPU 84C >= 80C — pausing to cool...
[hw_guard] cooled to 60C — resuming.
[hw_guard] CPU 83C >= 80C — pausing to cool...
[hw_guard] cooled to 60C — resuming.
  held-out PAC02: filter max|Δ log10 gain| vs pooled 0.086
[hw_guard] CPU 84C >= 80C — pausing to cool...
[hw_guard] cooled to 60C — resuming.
[hw_guard] CPU 92C >= 80C — pausing to cool...
[hw_guard] cooled to 61C — resuming.
[hw_guard] CPU 84C >= 80C — pausing to cool...
[hw_guard] cooled to 62C — resuming.
[hw_guard] CPU 81C >= 80C — pausing to cool...
[hw_guard] cooled to 61C — resuming.
[hw_guard] CPU 83C >= 80C — pausing to cool...
[hw_guard] cooled to 61C — resuming.
[hw_guard] CPU 84C >= 80C — pausing to cool...
[hw_guard] cooled to 70C — resuming.
[hw_guard] CPU 81C >= 80C — pausing to cool...
[hw_guard] cooled to 62C — resuming.
  held-out PAC03: filter max|Δ log10 gain| vs pooled 0.112
[hw_guard] CPU 83C >= 80C — pausing to cool...
[hw_guard] cooled to 69C — resuming.
[hw_guard] CPU 85C >= 80C — pausing to cool...
[hw_guard] cooled to 60C — resuming.
[hw_guard] CPU 87C >= 80C — pausing to cool...
[hw_guard] cooled to 60C — resuming.
[hw_guard] CPU 81C >= 80C — pausing to cool...
[hw_guard] cooled to 63C — resuming.
[hw_guard] CPU 87C >= 80C — pausing to cool...
[hw_guard] cooled to 61C — resuming.
[hw_guard] CPU 81C >= 80C — pausing to cool...
[hw_guard] cooled to 61C — resuming.
  held-out PAC04: filter max|Δ log10 gain| vs pooled 0.046
[hw_guard] CPU 83C >= 80C — pausing to cool...
[hw_guard] cooled to 60C — resuming.
[hw_guard] CPU 84C >= 80C — pausing to cool...
[hw_guard] cooled to 60C — resuming.
[hw_guard] CPU 87C >= 80C — pausing to cool...
[hw_guard] cooled to 60C — resuming.
  held-out PAC05: filter max|Δ log10 gain| vs pooled 0.065
[hw_guard] CPU 87C >= 80C — pausing to cool...
[hw_guard] cooled to 64C — resuming.
[hw_guard] CPU 87C >= 80C — pausing to cool...
[hw_guard] cooled to 62C — resuming.
[hw_guard] CPU 84C >= 80C — pausing to cool...
[hw_guard] cooled to 62C — resuming.
[hw_guard] CPU 83C >= 80C — pausing to cool...
[hw_guard] cooled to 61C — resuming.
[hw_guard] CPU 83C >= 80C — pausing to cool...
[hw_guard] cooled to 63C — resuming.
[hw_guard] CPU 85C >= 80C — pausing to cool...
[hw_guard] cooled to 63C — resuming.
[hw_guard] CPU 85C >= 80C — pausing to cool...
[hw_guard] cooled to 63C — resuming.
  held-out PAC06: filter max|Δ log10 gain| vs pooled 0.053
[hw_guard] CPU 84C >= 80C — pausing to cool...
[hw_guard] cooled to 65C — resuming.
[hw_guard] CPU 95C >= 80C — pausing to cool...
[hw_guard] cooled to 63C — resuming.
[hw_guard] CPU 85C >= 80C — pausing to cool...
[hw_guard] cooled to 61C — resuming.
[hw_guard] CPU 85C >= 80C — pausing to cool...
[hw_guard] cooled to 60C — resuming.
  held-out PAC07: filter max|Δ log10 gain| vs pooled 0.051
[hw_guard] CPU 91C >= 80C — pausing to cool...
[hw_guard] cooled to 67C — resuming.
[hw_guard] CPU 85C >= 80C — pausing to cool...
[hw_guard] cooled to 64C — resuming.
[hw_guard] CPU 85C >= 80C — pausing to cool...
[hw_guard] cooled to 62C — resuming.
[hw_guard] CPU 83C >= 80C — pausing to cool...
[hw_guard] cooled to 62C — resuming.
  held-out PAC08: filter max|Δ log10 gain| vs pooled 0.077
[hw_guard] CPU 91C >= 80C — pausing to cool...
[hw_guard] cooled to 60C — resuming.
[hw_guard] CPU 89C >= 80C — pausing to cool...
[hw_guard] cooled to 61C — resuming.
[hw_guard] CPU 83C >= 80C — pausing to cool...
[hw_guard] cooled to 62C — resuming.
  held-out PAC09: filter max|Δ log10 gain| vs pooled 0.062
[hw_guard] CPU 95C >= 80C — pausing to cool...
[hw_guard] cooled to 60C — resuming.
[hw_guard] CPU 84C >= 80C — pausing to cool...
[hw_guard] cooled to 61C — resuming.
[hw_guard] CPU 85C >= 80C — pausing to cool...
[hw_guard] cooled to 63C — resuming.
[hw_guard] CPU 84C >= 80C — pausing to cool...
[hw_guard] cooled to 61C — resuming.
  held-out PAC10: filter max|Δ log10 gain| vs pooled 0.055
[hw_guard] CPU 85C >= 80C — pausing to cool...
[hw_guard] cooled to 68C — resuming.
[hw_guard] CPU 89C >= 80C — pausing to cool...
[hw_guard] cooled to 60C — resuming.
[hw_guard] CPU 87C >= 80C — pausing to cool...
[hw_guard] cooled to 60C — resuming.
  held-out C03: filter max|Δ log10 gain| vs pooled 0.052
[hw_guard] CPU 92C >= 80C — pausing to cool...
[hw_guard] cooled to 63C — resuming.
[hw_guard] CPU 85C >= 80C — pausing to cool...
[hw_guard] cooled to 60C — resuming.
[hw_guard] CPU 81C >= 80C — pausing to cool...
[hw_guard] cooled to 60C — resuming.
[hw_guard] CPU 85C >= 80C — pausing to cool...
[hw_guard] cooled to 64C — resuming.
[hw_guard] CPU 81C >= 80C — pausing to cool...
[hw_guard] cooled to 59C — resuming.
  held-out CONTROL04: filter max|Δ log10 gain| vs pooled 0.072
[hw_guard] CPU 84C >= 80C — pausing to cool...
[hw_guard] cooled to 60C — resuming.
[hw_guard] CPU 84C >= 80C — pausing to cool...
[hw_guard] cooled to 60C — resuming.
[hw_guard] CPU 85C >= 80C — pausing to cool...
[hw_guard] cooled to 60C — resuming.
  held-out CONTROL05: filter max|Δ log10 gain| vs pooled 0.054
[hw_guard] CPU 87C >= 80C — pausing to cool...
[hw_guard] cooled to 59C — resuming.
[hw_guard] CPU 85C >= 80C — pausing to cool...
[hw_guard] cooled to 61C — resuming.
[hw_guard] CPU 84C >= 80C — pausing to cool...
[hw_guard] cooled to 62C — resuming.
[hw_guard] CPU 85C >= 80C — pausing to cool...
[hw_guard] cooled to 69C — resuming.
[hw_guard] CPU 87C >= 80C — pausing to cool...
[hw_guard] cooled to 60C — resuming.
[hw_guard] CPU 85C >= 80C — pausing to cool...
[hw_guard] cooled to 60C — resuming.
  held-out CONTROL06: filter max|Δ log10 gain| vs pooled 0.055
[hw_guard] CPU 93C >= 80C — pausing to cool...
[hw_guard] cooled to 60C — resuming.
[hw_guard] CPU 85C >= 80C — pausing to cool...
[hw_guard] cooled to 60C — resuming.
[hw_guard] CPU 85C >= 80C — pausing to cool...
[hw_guard] cooled to 68C — resuming.
  held-out CONTROL07: filter max|Δ log10 gain| vs pooled 0.061
[hw_guard] CPU 84C >= 80C — pausing to cool...
[hw_guard] cooled to 63C — resuming.
[hw_guard] CPU 87C >= 80C — pausing to cool...
[hw_guard] cooled to 65C — resuming.
[hw_guard] CPU 84C >= 80C — pausing to cool...
[hw_guard] cooled to 60C — resuming.
[hw_guard] CPU 81C >= 80C — pausing to cool...
[hw_guard] cooled to 60C — resuming.
[hw_guard] CPU 85C >= 80C — pausing to cool...
[hw_guard] cooled to 59C — resuming.
[hw_guard] CPU 83C >= 80C — pausing to cool...
[hw_guard] cooled to 60C — resuming.
[hw_guard] CPU 84C >= 80C — pausing to cool...
[hw_guard] cooled to 59C — resuming.
  held-out CONTROL08: filter max|Δ log10 gain| vs pooled 0.083
[hw_guard] CPU 86C >= 80C — pausing to cool...
[hw_guard] cooled to 59C — resuming.
[hw_guard] CPU 82C >= 80C — pausing to cool...
[hw_guard] cooled to 59C — resuming.
[hw_guard] CPU 84C >= 80C — pausing to cool...
[hw_guard] cooled to 61C — resuming.
[hw_guard] CPU 84C >= 80C — pausing to cool...
[hw_guard] cooled to 66C — resuming.
[hw_guard] CPU 82C >= 80C — pausing to cool...
[hw_guard] cooled to 60C — resuming.
[hw_guard] CPU 84C >= 80C — pausing to cool...
[hw_guard] cooled to 63C — resuming.
[hw_guard] CPU 84C >= 80C — pausing to cool...
[hw_guard] cooled to 64C — resuming.
[hw_guard] CPU 82C >= 80C — pausing to cool...
[hw_guard] cooled to 60C — resuming.
[hw_guard] CPU 85C >= 80C — pausing to cool...
[hw_guard] cooled to 62C — resuming.
[hw_guard] CPU 82C >= 80C — pausing to cool...
[hw_guard] cooled to 59C — resuming.
[hw_guard] CPU 82C >= 80C — pausing to cool...
[hw_guard] cooled to 61C — resuming.
[hw_guard] CPU 83C >= 80C — pausing to cool...
[hw_guard] cooled to 60C — resuming.
[hw_guard] CPU 83C >= 80C — pausing to cool...
[hw_guard] cooled to 60C — resuming.
[hw_guard] CPU 84C >= 80C — pausing to cool...
[hw_guard] cooled to 60C — resuming.
[hw_guard] CPU 84C >= 80C — pausing to cool...
[hw_guard] cooled to 60C — resuming.
[hw_guard] CPU 84C >= 80C — pausing to cool...
[hw_guard] cooled to 61C — resuming.
[hw_guard] CPU 84C >= 80C — pausing to cool...
[hw_guard] cooled to 60C — resuming.
[hw_guard] CPU 82C >= 80C — pausing to cool...
[hw_guard] cooled to 65C — resuming.
[hw_guard] CPU 84C >= 80C — pausing to cool...
[hw_guard] cooled to 60C — resuming.
[hw_guard] CPU 83C >= 80C — pausing to cool...
[hw_guard] cooled to 60C — resuming.
[hw_guard] CPU 80C >= 80C — pausing to cool...
[hw_guard] cooled to 60C — resuming.
[hw_guard] CPU 81C >= 80C — pausing to cool...
[hw_guard] cooled to 60C — resuming.
[hw_guard] CPU 80C >= 80C — pausing to cool...
[hw_guard] cooled to 60C — resuming.
[hw_guard] CPU 83C >= 80C — pausing to cool...
[hw_guard] cooled to 60C — resuming.
[hw_guard] CPU 80C >= 80C — pausing to cool...
[hw_guard] cooled to 60C — resuming.
[hw_guard] CPU 83C >= 80C — pausing to cool...
[hw_guard] cooled to 60C — resuming.
[hw_guard] CPU 80C >= 80C — pausing to cool...
[hw_guard] cooled to 63C — resuming.
[hw_guard] CPU 82C >= 80C — pausing to cool...
[hw_guard] cooled to 60C — resuming.
[hw_guard] CPU 80C >= 80C — pausing to cool...
[hw_guard] cooled to 64C — resuming.
[hw_guard] CPU 82C >= 80C — pausing to cool...
[hw_guard] cooled to 62C — resuming.
[hw_guard] CPU 84C >= 80C — pausing to cool...
[hw_guard] cooled to 64C — resuming.
[hw_guard] CPU 84C >= 80C — pausing to cool...
[hw_guard] cooled to 61C — resuming.
[hw_guard] CPU 82C >= 80C — pausing to cool...
[hw_guard] cooled to 60C — resuming.
[hw_guard] CPU 85C >= 80C — pausing to cool...
[hw_guard] cooled to 69C — resuming.
[hw_guard] CPU 82C >= 80C — pausing to cool...
[hw_guard] cooled to 60C — resuming.
[hw_guard] CPU 82C >= 80C — pausing to cool...
[hw_guard] cooled to 61C — resuming.
[hw_guard] CPU 85C >= 80C — pausing to cool...
[hw_guard] cooled to 61C — resuming.
[hw_guard] CPU 80C >= 80C — pausing to cool...
[hw_guard] cooled to 60C — resuming.
[hw_guard] CPU 83C >= 80C — pausing to cool...
[hw_guard] cooled to 62C — resuming.
[hw_guard] CPU 83C >= 80C — pausing to cool...
[hw_guard] cooled to 63C — resuming.
[hw_guard] CPU 84C >= 80C — pausing to cool...
[hw_guard] cooled to 62C — resuming.
[hw_guard] CPU 84C >= 80C — pausing to cool...
[hw_guard] cooled to 60C — resuming.
[hw_guard] CPU 82C >= 80C — pausing to cool...
[hw_guard] cooled to 67C — resuming.
[hw_guard] CPU 84C >= 80C — pausing to cool...
[hw_guard] cooled to 64C — resuming.
[hw_guard] CPU 84C >= 80C — pausing to cool...
[hw_guard] cooled to 60C — resuming.
[hw_guard] CPU 84C >= 80C — pausing to cool...
[hw_guard] cooled to 60C — resuming.
[hw_guard] CPU 82C >= 80C — pausing to cool...
[hw_guard] cooled to 60C — resuming.
[hw_guard] CPU 80C >= 80C — pausing to cool...
[hw_guard] cooled to 60C — resuming.
[hw_guard] CPU 80C >= 80C — pausing to cool...
[hw_guard] cooled to 60C — resuming.
[hw_guard] CPU 82C >= 80C — pausing to cool...
[hw_guard] cooled to 60C — resuming.
[hw_guard] CPU 82C >= 80C — pausing to cool...
[hw_guard] cooled to 59C — resuming.
[hw_guard] CPU 82C >= 80C — pausing to cool...
[hw_guard] cooled to 62C — resuming.
[hw_guard] CPU 80C >= 80C — pausing to cool...
[hw_guard] cooled to 60C — resuming.
[hw_guard] CPU 82C >= 80C — pausing to cool...
[hw_guard] cooled to 60C — resuming.
[hw_guard] CPU 83C >= 80C — pausing to cool...
[hw_guard] cooled to 65C — resuming.
[hw_guard] CPU 81C >= 80C — pausing to cool...
[hw_guard] cooled to 62C — resuming.
[hw_guard] CPU 83C >= 80C — pausing to cool...
[hw_guard] cooled to 60C — resuming.
[hw_guard] CPU 82C >= 80C — pausing to cool...
[hw_guard] cooled to 60C — resuming.
[hw_guard] CPU 80C >= 80C — pausing to cool...
[hw_guard] cooled to 60C — resuming.
[hw_guard] CPU 82C >= 80C — pausing to cool...
[hw_guard] cooled to 62C — resuming.
[hw_guard] CPU 80C >= 80C — pausing to cool...
[hw_guard] cooled to 60C — resuming.
[hw_guard] CPU 82C >= 80C — pausing to cool...
[hw_guard] cooled to 61C — resuming.
[hw_guard] CPU 84C >= 80C — pausing to cool...
[hw_guard] cooled to 60C — resuming.
[hw_guard] CPU 82C >= 80C — pausing to cool...
[hw_guard] cooled to 69C — resuming.
[hw_guard] CPU 80C >= 80C — pausing to cool...
[hw_guard] cooled to 64C — resuming.
[hw_guard] CPU 84C >= 80C — pausing to cool...
[hw_guard] cooled to 60C — resuming.
[hw_guard] CPU 80C >= 80C — pausing to cool...
[hw_guard] cooled to 64C — resuming.
[hw_guard] CPU 80C >= 80C — pausing to cool...
[hw_guard] cooled to 60C — resuming.
[hw_guard] CPU 82C >= 80C — pausing to cool...
[hw_guard] cooled to 66C — resuming.
[hw_guard] CPU 84C >= 80C — pausing to cool...
[hw_guard] cooled to 60C — resuming.
[hw_guard] CPU 85C >= 80C — pausing to cool...
[hw_guard] cooled to 62C — resuming.
[hw_guard] CPU 83C >= 80C — pausing to cool...
[hw_guard] cooled to 67C — resuming.
[hw_guard] CPU 82C >= 80C — pausing to cool...
[hw_guard] cooled to 61C — resuming.
[hw_guard] CPU 84C >= 80C — pausing to cool...
[hw_guard] cooled to 68C — resuming.
[hw_guard] CPU 83C >= 80C — pausing to cool...
[hw_guard] cooled to 64C — resuming.
[hw_guard] CPU 84C >= 80C — pausing to cool...
[hw_guard] cooled to 65C — resuming.
[hw_guard] CPU 85C >= 80C — pausing to cool...
[hw_guard] cooled to 65C — resuming.
[hw_guard] CPU 84C >= 80C — pausing to cool...
[hw_guard] cooled to 61C — resuming.
[hw_guard] CPU 81C >= 80C — pausing to cool...
[hw_guard] cooled to 63C — resuming.
[hw_guard] CPU 82C >= 80C — pausing to cool...
[hw_guard] cooled to 61C — resuming.
[hw_guard] CPU 80C >= 80C — pausing to cool...
[hw_guard] cooled to 61C — resuming.
[hw_guard] CPU 83C >= 80C — pausing to cool...
[hw_guard] cooled to 60C — resuming.
[hw_guard] CPU 80C >= 80C — pausing to cool...
[hw_guard] cooled to 60C — resuming.
[hw_guard] CPU 82C >= 80C — pausing to cool...
[hw_guard] cooled to 67C — resuming.
[hw_guard] CPU 83C >= 80C — pausing to cool...
[hw_guard] cooled to 60C — resuming.
[hw_guard] CPU 82C >= 80C — pausing to cool...
[hw_guard] cooled to 62C — resuming.
[hw_guard] CPU 82C >= 80C — pausing to cool...
[hw_guard] cooled to 61C — resuming.
[hw_guard] CPU 84C >= 80C — pausing to cool...
[hw_guard] cooled to 60C — resuming.
[hw_guard] CPU 82C >= 80C — pausing to cool...
[hw_guard] cooled to 63C — resuming.
[hw_guard] CPU 84C >= 80C — pausing to cool...
[hw_guard] cooled to 65C — resuming.
[hw_guard] CPU 84C >= 80C — pausing to cool...
[hw_guard] cooled to 63C — resuming.
[hw_guard] CPU 82C >= 80C — pausing to cool...
[hw_guard] cooled to 60C — resuming.
[hw_guard] CPU 85C >= 80C — pausing to cool...
[hw_guard] cooled to 60C — resuming.
[hw_guard] CPU 86C >= 80C — pausing to cool...
[hw_guard] cooled to 60C — resuming.
[hw_guard] CPU 83C >= 80C — pausing to cool...
[hw_guard] cooled to 60C — resuming.
[hw_guard] CPU 82C >= 80C — pausing to cool...
[hw_guard] cooled to 63C — resuming.
[hw_guard] CPU 81C >= 80C — pausing to cool...
[hw_guard] cooled to 60C — resuming.
[hw_guard] CPU 85C >= 80C — pausing to cool...
[hw_guard] cooled to 60C — resuming.
[hw_guard] CPU 84C >= 80C — pausing to cool...
[hw_guard] cooled to 60C — resuming.
[hw_guard] CPU 86C >= 80C — pausing to cool...
[hw_guard] cooled to 60C — resuming.
[hw_guard] CPU 82C >= 80C — pausing to cool...
[hw_guard] cooled to 60C — resuming.
[hw_guard] CPU 82C >= 80C — pausing to cool...
[hw_guard] cooled to 61C — resuming.
[hw_guard] CPU 82C >= 80C — pausing to cool...
[hw_guard] cooled to 60C — resuming.
[hw_guard] CPU 82C >= 80C — pausing to cool...
[hw_guard] cooled to 62C — resuming.
[hw_guard] CPU 82C >= 80C — pausing to cool...
[hw_guard] cooled to 60C — resuming.
[hw_guard] CPU 82C >= 80C — pausing to cool...
[hw_guard] cooled to 60C — resuming.
[hw_guard] CPU 83C >= 80C — pausing to cool...
[hw_guard] cooled to 60C — resuming.
[hw_guard] CPU 84C >= 80C — pausing to cool...
[hw_guard] cooled to 60C — resuming.
[hw_guard] CPU 84C >= 80C — pausing to cool...
[hw_guard] cooled to 63C — resuming.
[hw_guard] CPU 82C >= 80C — pausing to cool...
[hw_guard] cooled to 61C — resuming.
[hw_guard] CPU 85C >= 80C — pausing to cool...
[hw_guard] cooled to 68C — resuming.
[hw_guard] CPU 83C >= 80C — pausing to cool...
[hw_guard] cooled to 60C — resuming.
[hw_guard] CPU 85C >= 80C — pausing to cool...
[hw_guard] cooled to 62C — resuming.
[hw_guard] CPU 84C >= 80C — pausing to cool...
[hw_guard] cooled to 60C — resuming.
[hw_guard] CPU 85C >= 80C — pausing to cool...
[hw_guard] cooled to 63C — resuming.
[hw_guard] CPU 82C >= 80C — pausing to cool...
[hw_guard] cooled to 68C — resuming.
[hw_guard] CPU 84C >= 80C — pausing to cool...
[hw_guard] cooled to 67C — resuming.
[hw_guard] CPU 85C >= 80C — pausing to cool...
[hw_guard] cooled to 60C — resuming.
[hw_guard] CPU 85C >= 80C — pausing to cool...
[hw_guard] cooled to 60C — resuming.
[hw_guard] CPU 80C >= 80C — pausing to cool...
[hw_guard] cooled to 60C — resuming.
[hw_guard] CPU 84C >= 80C — pausing to cool...
[hw_guard] cooled to 60C — resuming.
[hw_guard] CPU 82C >= 80C — pausing to cool...
[hw_guard] cooled to 60C — resuming.
[hw_guard] CPU 82C >= 80C — pausing to cool...
[hw_guard] cooled to 60C — resuming.
[hw_guard] CPU 81C >= 80C — pausing to cool...
[hw_guard] cooled to 63C — resuming.
[hw_guard] CPU 82C >= 80C — pausing to cool...
[hw_guard] cooled to 60C — resuming.
[hw_guard] CPU 82C >= 80C — pausing to cool...
[hw_guard] cooled to 60C — resuming.
[hw_guard] CPU 84C >= 80C — pausing to cool...
[hw_guard] cooled to 60C — resuming.
[hw_guard] CPU 80C >= 80C — pausing to cool...
[hw_guard] cooled to 60C — resuming.
[hw_guard] CPU 84C >= 80C — pausing to cool...
[hw_guard] cooled to 62C — resuming.
[hw_guard] CPU 81C >= 80C — pausing to cool...
[hw_guard] cooled to 60C — resuming.
[hw_guard] CPU 84C >= 80C — pausing to cool...
[hw_guard] cooled to 61C — resuming.
[hw_guard] CPU 82C >= 80C — pausing to cool...
[hw_guard] cooled to 60C — resuming.
[hw_guard] CPU 82C >= 80C — pausing to cool...
[hw_guard] cooled to 59C — resuming.
[hw_guard] CPU 82C >= 80C — pausing to cool...
[hw_guard] cooled to 60C — resuming.
[hw_guard] CPU 84C >= 80C — pausing to cool...
[hw_guard] cooled to 59C — resuming.
[hw_guard] CPU 80C >= 80C — pausing to cool...
[hw_guard] cooled to 60C — resuming.
[hw_guard] CPU 80C >= 80C — pausing to cool...
[hw_guard] cooled to 60C — resuming.
[hw_guard] CPU 80C >= 80C — pausing to cool...
[hw_guard] cooled to 59C — resuming.
[hw_guard] CPU 82C >= 80C — pausing to cool...
[hw_guard] cooled to 60C — resuming.
[hw_guard] CPU 82C >= 80C — pausing to cool...
[hw_guard] cooled to 60C — resuming.
[hw_guard] CPU 82C >= 80C — pausing to cool...
[hw_guard] cooled to 60C — resuming.
[hw_guard] CPU 80C >= 80C — pausing to cool...
[hw_guard] cooled to 60C — resuming.
[hw_guard] CPU 80C >= 80C — pausing to cool...
[hw_guard] cooled to 62C — resuming.
[hw_guard] CPU 83C >= 80C — pausing to cool...
[hw_guard] cooled to 60C — resuming.
  FEI+C            LOSO AUROC 0.926 [0.722, 1.000]  perm p 0.003
  FEI+C+BSI        LOSO AUROC 0.944 [0.786, 1.000]
  FEI              LOSO AUROC 1.000 [1.000, 1.000]
  C                LOSO AUROC 0.833 [0.571, 1.000]
[hw_guard] CPU 83C >= 80C — pausing to cool...
[hw_guard] cooled to 60C — resuming.
[hw_guard] CPU 82C >= 80C — pausing to cool...
[hw_guard] cooled to 60C — resuming.
[hw_guard] CPU 81C >= 80C — pausing to cool...
[hw_guard] cooled to 60C — resuming.
[hw_guard] CPU 82C >= 80C — pausing to cool...
[hw_guard] cooled to 59C — resuming.
[hw_guard] CPU 82C >= 80C — pausing to cool...
[hw_guard] cooled to 63C — resuming.
[hw_guard] CPU 80C >= 80C — pausing to cool...
[hw_guard] cooled to 67C — resuming.
[hw_guard] CPU 84C >= 80C — pausing to cool...
[hw_guard] cooled to 61C — resuming.
[hw_guard] CPU 83C >= 80C — pausing to cool...
[hw_guard] cooled to 60C — resuming.
[hw_guard] CPU 83C >= 80C — pausing to cool...
[hw_guard] cooled to 61C — resuming.
[hw_guard] CPU 82C >= 80C — pausing to cool...
[hw_guard] cooled to 60C — resuming.
[hw_guard] CPU 83C >= 80C — pausing to cool...
[hw_guard] cooled to 60C — resuming.
[hw_guard] CPU 82C >= 80C — pausing to cool...
[hw_guard] cooled to 61C — resuming.
[hw_guard] CPU 80C >= 80C — pausing to cool...
[hw_guard] cooled to 60C — resuming.
[hw_guard] CPU 80C >= 80C — pausing to cool...
[hw_guard] cooled to 63C — resuming.
[hw_guard] CPU 82C >= 80C — pausing to cool...
[hw_guard] cooled to 60C — resuming.
[hw_guard] CPU 81C >= 80C — pausing to cool...
[hw_guard] cooled to 60C — resuming.
[hw_guard] CPU 82C >= 80C — pausing to cool...
[hw_guard] cooled to 62C — resuming.
[hw_guard] CPU 80C >= 80C — pausing to cool...
[hw_guard] cooled to 60C — resuming.
[hw_guard] CPU 81C >= 80C — pausing to cool...
[hw_guard] cooled to 60C — resuming.
[hw_guard] CPU 80C >= 80C — pausing to cool...
[hw_guard] cooled to 60C — resuming.
[hw_guard] CPU 82C >= 80C — pausing to cool...
[hw_guard] cooled to 65C — resuming.
[hw_guard] CPU 82C >= 80C — pausing to cool...
[hw_guard] cooled to 60C — resuming.
[hw_guard] CPU 82C >= 80C — pausing to cool...
[hw_guard] cooled to 60C — resuming.
[hw_guard] CPU 80C >= 80C — pausing to cool...
[hw_guard] cooled to 62C — resuming.
[hw_guard] CPU 82C >= 80C — pausing to cool...
[hw_guard] cooled to 66C — resuming.
[hw_guard] CPU 80C >= 80C — pausing to cool...
[hw_guard] cooled to 59C — resuming.
[hw_guard] CPU 81C >= 80C — pausing to cool...
[hw_guard] cooled to 62C — resuming.
[hw_guard] CPU 83C >= 80C — pausing to cool...
[hw_guard] cooled to 60C — resuming.
[hw_guard] CPU 80C >= 80C — pausing to cool...
[hw_guard] cooled to 59C — resuming.
[hw_guard] CPU 82C >= 80C — pausing to cool...
[hw_guard] cooled to 64C — resuming.
[hw_guard] CPU 82C >= 80C — pausing to cool...
[hw_guard] cooled to 62C — resuming.
[hw_guard] CPU 81C >= 80C — pausing to cool...
[hw_guard] cooled to 59C — resuming.
[hw_guard] CPU 82C >= 80C — pausing to cool...
[hw_guard] cooled to 62C — resuming.
[hw_guard] CPU 81C >= 80C — pausing to cool...
[hw_guard] cooled to 59C — resuming.
[hw_guard] CPU 82C >= 80C — pausing to cool...
[hw_guard] cooled to 62C — resuming.
[hw_guard] CPU 81C >= 80C — pausing to cool...
[hw_guard] cooled to 63C — resuming.
[hw_guard] CPU 80C >= 80C — pausing to cool...
[hw_guard] cooled to 60C — resuming.
[hw_guard] CPU 81C >= 80C — pausing to cool...
[hw_guard] cooled to 63C — resuming.
[hw_guard] CPU 82C >= 80C — pausing to cool...
[hw_guard] cooled to 58C — resuming.
[hw_guard] CPU 83C >= 80C — pausing to cool...
[hw_guard] cooled to 58C — resuming.
[hw_guard] CPU 81C >= 80C — pausing to cool...
[hw_guard] cooled to 60C — resuming.
[hw_guard] CPU 81C >= 80C — pausing to cool...
[hw_guard] cooled to 60C — resuming.
[hw_guard] CPU 81C >= 80C — pausing to cool...
[hw_guard] cooled to 62C — resuming.
[hw_guard] CPU 82C >= 80C — pausing to cool...
[hw_guard] cooled to 59C — resuming.
[hw_guard] CPU 80C >= 80C — pausing to cool...
[hw_guard] cooled to 60C — resuming.
[hw_guard] CPU 81C >= 80C — pausing to cool...
[hw_guard] cooled to 60C — resuming.
[hw_guard] CPU 80C >= 80C — pausing to cool...
[hw_guard] cooled to 59C — resuming.
[hw_guard] CPU 80C >= 80C — pausing to cool...
[hw_guard] cooled to 61C — resuming.
[hw_guard] CPU 80C >= 80C — pausing to cool...
[hw_guard] cooled to 60C — resuming.
[hw_guard] CPU 80C >= 80C — pausing to cool...
[hw_guard] cooled to 59C — resuming.
[hw_guard] CPU 83C >= 80C — pausing to cool...
[hw_guard] cooled to 60C — resuming.
[hw_guard] CPU 80C >= 80C — pausing to cool...
[hw_guard] cooled to 60C — resuming.
[hw_guard] CPU 81C >= 80C — pausing to cool...
[hw_guard] cooled to 60C — resuming.
[hw_guard] CPU 82C >= 80C — pausing to cool...
[hw_guard] cooled to 63C — resuming.
[hw_guard] CPU 80C >= 80C — pausing to cool...
[hw_guard] cooled to 64C — resuming.
[hw_guard] CPU 80C >= 80C — pausing to cool...
[hw_guard] cooled to 60C — resuming.
[hw_guard] CPU 84C >= 80C — pausing to cool...
[hw_guard] cooled to 60C — resuming.
[hw_guard] CPU 81C >= 80C — pausing to cool...
[hw_guard] cooled to 62C — resuming.
[hw_guard] CPU 80C >= 80C — pausing to cool...
[hw_guard] cooled to 59C — resuming.
[hw_guard] CPU 80C >= 80C — pausing to cool...
[hw_guard] cooled to 61C — resuming.
[hw_guard] CPU 80C >= 80C — pausing to cool...
[hw_guard] cooled to 62C — resuming.
[hw_guard] CPU 80C >= 80C — pausing to cool...
[hw_guard] cooled to 60C — resuming.
[hw_guard] CPU 80C >= 80C — pausing to cool...
[hw_guard] cooled to 60C — resuming.
[hw_guard] CPU 80C >= 80C — pausing to cool...
[hw_guard] cooled to 59C — resuming.
[hw_guard] CPU 82C >= 80C — pausing to cool...
[hw_guard] cooled to 59C — resuming.
[hw_guard] CPU 82C >= 80C — pausing to cool...
[hw_guard] cooled to 60C — resuming.
[hw_guard] CPU 80C >= 80C — pausing to cool...
[hw_guard] cooled to 63C — resuming.
[hw_guard] CPU 80C >= 80C — pausing to cool...
[hw_guard] cooled to 59C — resuming.
[hw_guard] CPU 80C >= 80C — pausing to cool...
[hw_guard] cooled to 60C — resuming.
  rand-FEI+C       LOSO AUROC 0.944 [0.786, 1.000]  perm p 0.005
  rand-FEI+C+BSI   LOSO AUROC 0.944 [0.786, 1.000]
  rand-FEI         LOSO AUROC 0.907 [0.714, 1.000]
  rand-C           LOSO AUROC 0.852 [0.600, 1.000]
  FEI+C vs FEI+C (pooled filter) Δ +0.000 [+0.000, +0.000]  p(Δ≤0) 0.981
  FEI+C vs rand-FEI+C            Δ -0.019 [-0.182, +0.100]  p(Δ≤0) 0.825
  FEI+C vs BSI                   Δ +0.019 [-0.240, +0.280]  p(Δ≤0) 0.523
  FEI+C+BSI vs BSI               Δ +0.037 [-0.185, +0.286]  p(Δ≤0) 0.464
  FEI vs rand-FEI                Δ +0.093 [+0.000, +0.286]  p(Δ≤0) 0.166
  C vs rand-C                    Δ -0.019 [-0.120, +0.071]  p(Δ≤0) 0.815
PHASE B FOLD-LOCAL DONE
