config: L=4000(20s) nfft=200 hop=100 -> 39 frames x 101 bins; ctx=23 predict 16
  embed f0
  embed f1
  embed f2
  embed f3
  embed f4
s0         FEI         AUROC 0.828  AUC-PR 0.820  Acc 0.750  BAcc 0.744  F1 0.711  Sens 0.675  Spec 0.813  [TP 85 FP 28 TN 122 FN 41]  members 0.810±0.010
s0         rand-FEI    AUROC 0.803  AUC-PR 0.818  Acc 0.743  BAcc 0.738  F1 0.708  Sens 0.683  Spec 0.793  [TP 86 FP 31 TN 119 FN 40]  members 0.768±0.032
s0         C           AUROC 0.828  AUC-PR 0.808  Acc 0.750  BAcc 0.748  F1 0.727  Sens 0.730  Spec 0.767  [TP 92 FP 35 TN 115 FN 34]  members 0.788±0.021
s0         rand-C      AUROC 0.815  AUC-PR 0.806  Acc 0.736  BAcc 0.736  F1 0.718  Sens 0.738  Spec 0.733  [TP 93 FP 40 TN 110 FN 33]  members 0.784±0.017
s0         FEI+C       AUROC 0.825  AUC-PR 0.819  Acc 0.757  BAcc 0.754  F1 0.731  Sens 0.722  Spec 0.787  [TP 91 FP 32 TN 118 FN 35]  members 0.791±0.007
s0         rand-FEI+C  AUROC 0.820  AUC-PR 0.808  Acc 0.736  BAcc 0.734  F1 0.714  Sens 0.722  Spec 0.747  [TP 91 FP 38 TN 112 FN 35]  members 0.787±0.014
s1         FEI         AUROC 0.848  AUC-PR 0.844  Acc 0.783  BAcc 0.777  F1 0.748  Sens 0.706  Spec 0.847  [TP 89 FP 23 TN 127 FN 37]  members 0.831±0.007
s1         rand-FEI    AUROC 0.817  AUC-PR 0.822  Acc 0.736  BAcc 0.732  F1 0.704  Sens 0.690  Spec 0.773  [TP 87 FP 34 TN 116 FN 39]  members 0.783±0.023
s1         C           AUROC 0.820  AUC-PR 0.793  Acc 0.736  BAcc 0.732  F1 0.704  Sens 0.690  Spec 0.773  [TP 87 FP 34 TN 116 FN 39]  members 0.782±0.008
s1         rand-C      AUROC 0.818  AUC-PR 0.784  Acc 0.754  BAcc 0.752  F1 0.732  Sens 0.738  Spec 0.767  [TP 93 FP 35 TN 115 FN 33]  members 0.791±0.019
s1         FEI+C       AUROC 0.838  AUC-PR 0.811  Acc 0.768  BAcc 0.766  F1 0.744  Sens 0.738  Spec 0.793  [TP 93 FP 31 TN 119 FN 33]  members 0.804±0.009
s1         rand-FEI+C  AUROC 0.837  AUC-PR 0.812  Acc 0.801  BAcc 0.801  F1 0.788  Sens 0.810  Spec 0.793  [TP 102 FP 31 TN 119 FN 24]  members 0.810±0.016
s2         FEI         AUROC 0.830  AUC-PR 0.828  Acc 0.783  BAcc 0.780  F1 0.760  Sens 0.754  Spec 0.807  [TP 95 FP 29 TN 121 FN 31]  members 0.816±0.007
s2         rand-FEI    AUROC 0.794  AUC-PR 0.802  Acc 0.732  BAcc 0.731  F1 0.711  Sens 0.722  Spec 0.740  [TP 91 FP 39 TN 111 FN 35]  members 0.764±0.020
s2         C           AUROC 0.811  AUC-PR 0.826  Acc 0.746  BAcc 0.743  F1 0.718  Sens 0.706  Spec 0.780  [TP 89 FP 33 TN 117 FN 37]  members 0.783±0.015
s2         rand-C      AUROC 0.842  AUC-PR 0.813  Acc 0.750  BAcc 0.749  F1 0.729  Sens 0.738  Spec 0.760  [TP 93 FP 36 TN 114 FN 33]  members 0.811±0.010
s2         FEI+C       AUROC 0.827  AUC-PR 0.834  Acc 0.761  BAcc 0.758  F1 0.734  Sens 0.722  Spec 0.793  [TP 91 FP 31 TN 119 FN 35]  members 0.797±0.011
s2         rand-FEI+C  AUROC 0.860  AUC-PR 0.836  Acc 0.775  BAcc 0.776  F1 0.762  Sens 0.786  Spec 0.767  [TP 99 FP 35 TN 115 FN 27]  members 0.828±0.003
s3         FEI         AUROC 0.831  AUC-PR 0.833  Acc 0.761  BAcc 0.756  F1 0.727  Sens 0.698  Spec 0.813  [TP 88 FP 28 TN 122 FN 38]  members 0.813±0.018
s3         rand-FEI    AUROC 0.782  AUC-PR 0.785  Acc 0.696  BAcc 0.691  F1 0.656  Sens 0.635  Spec 0.747  [TP 80 FP 38 TN 112 FN 46]  members 0.750±0.010
s3         C           AUROC 0.804  AUC-PR 0.795  Acc 0.732  BAcc 0.729  F1 0.702  Sens 0.690  Spec 0.767  [TP 87 FP 35 TN 115 FN 39]  members 0.765±0.012
s3         rand-C      AUROC 0.821  AUC-PR 0.810  Acc 0.710  BAcc 0.709  F1 0.685  Sens 0.690  Spec 0.727  [TP 87 FP 41 TN 109 FN 39]  members 0.797±0.011
s3         FEI+C       AUROC 0.807  AUC-PR 0.803  Acc 0.710  BAcc 0.709  F1 0.685  Sens 0.690  Spec 0.727  [TP 87 FP 41 TN 109 FN 39]  members 0.770±0.020
s3         rand-FEI+C  AUROC 0.830  AUC-PR 0.833  Acc 0.761  BAcc 0.755  F1 0.723  Sens 0.683  Spec 0.827  [TP 86 FP 26 TN 124 FN 40]  members 0.793±0.013
s4         FEI         AUROC 0.829  AUC-PR 0.829  Acc 0.739  BAcc 0.738  F1 0.719  Sens 0.730  Spec 0.747  [TP 92 FP 38 TN 112 FN 34]  members 0.815±0.011
s4         rand-FEI    AUROC 0.757  AUC-PR 0.783  Acc 0.659  BAcc 0.658  F1 0.633  Sens 0.643  Spec 0.673  [TP 81 FP 49 TN 101 FN 45]  members 0.737±0.028
s4         C           AUROC 0.793  AUC-PR 0.787  Acc 0.714  BAcc 0.708  F1 0.672  Sens 0.643  Spec 0.773  [TP 81 FP 34 TN 116 FN 45]  members 0.756±0.017
s4         rand-C      AUROC 0.799  AUC-PR 0.771  Acc 0.750  BAcc 0.750  F1 0.734  Sens 0.754  Spec 0.747  [TP 95 FP 38 TN 112 FN 31]  members 0.770±0.003
s4         FEI+C       AUROC 0.808  AUC-PR 0.802  Acc 0.736  BAcc 0.730  F1 0.697  Sens 0.667  Spec 0.793  [TP 84 FP 31 TN 119 FN 42]  members 0.769±0.014
s4         rand-FEI+C  AUROC 0.825  AUC-PR 0.821  Acc 0.761  BAcc 0.760  F1 0.740  Sens 0.746  Spec 0.773  [TP 94 FP 34 TN 116 FN 32]  members 0.793±0.010
full_train FEI         AUROC 0.859  AUC-PR 0.858  Acc 0.786  BAcc 0.780  F1 0.753  Sens 0.714  Spec 0.847  [TP 90 FP 23 TN 127 FN 36]  members 0.844±0.004
full_train rand-FEI    AUROC 0.813  AUC-PR 0.829  Acc 0.746  BAcc 0.743  F1 0.715  Sens 0.698  Spec 0.787  [TP 88 FP 32 TN 118 FN 38]  members 0.786±0.016
full_train C           AUROC 0.858  AUC-PR 0.853  Acc 0.772  BAcc 0.767  F1 0.741  Sens 0.714  Spec 0.820  [TP 90 FP 27 TN 123 FN 36]  members 0.834±0.009
full_train rand-C      AUROC 0.863  AUC-PR 0.848  Acc 0.783  BAcc 0.779  F1 0.756  Sens 0.738  Spec 0.820  [TP 93 FP 27 TN 123 FN 33]  members 0.838±0.010
full_train FEI+C       AUROC 0.862  AUC-PR 0.855  Acc 0.768  BAcc 0.764  F1 0.740  Sens 0.722  Spec 0.807  [TP 91 FP 29 TN 121 FN 35]  members 0.841±0.003
full_train rand-FEI+C  AUROC 0.861  AUC-PR 0.860  Acc 0.764  BAcc 0.761  F1 0.737  Sens 0.722  Spec 0.800  [TP 91 FP 30 TN 120 FN 35]  members 0.837±0.002
546-subsets FEI         AUROC 0.833±0.008  Acc 0.763  BAcc 0.759  F1 0.733
546-subsets C           AUROC 0.811±0.012  Acc 0.736  BAcc 0.732  F1 0.705
546-subsets FEI+C       AUROC 0.821±0.012  Acc 0.746  BAcc 0.743  F1 0.718
546-subsets rand-FEI    AUROC 0.790±0.020  Acc 0.713  BAcc 0.710  F1 0.682
546-subsets rand-C      AUROC 0.819±0.014  Acc 0.740  BAcc 0.739  F1 0.720
546-subsets rand-FEI+C  AUROC 0.834±0.014  Acc 0.767  BAcc 0.765  F1 0.745
TUAB FEI+C DONE
