  0/2717
  50/2717
  100/2717
  150/2717
  200/2717
  250/2717
  300/2717
  350/2717
  400/2717
  450/2717
  500/2717
  550/2717
  600/2717
  650/2717
  700/2717
  750/2717
  800/2717
  850/2717
  900/2717
  950/2717
  1000/2717
  1050/2717
  1100/2717
  1150/2717
  1200/2717
  1250/2717
  1300/2717
  1350/2717
  1400/2717
  1450/2717
  1500/2717
  1550/2717
  1600/2717
  1650/2717
  1700/2717
  1750/2717
  1800/2717
  1850/2717
  1900/2717
  1950/2717
  2000/2717
  2050/2717
  2100/2717
  2150/2717
  2200/2717
  2250/2717
  2300/2717
  2350/2717
  2400/2717
  2450/2717
  2500/2717
  2550/2717
  2600/2717
  2650/2717
  2700/2717
  0/276
  50/276
  100/276
  150/276
  200/276
  250/276
train recs 2717 (1346 abn), eval recs 276 (126 abn)
B_rel_5min           AUROC 0.765  AUC-PR 0.722  Acc 0.699  BAcc 0.704  F1 0.698  Sens 0.762  Spec 0.647  [TP 96 FP 53 TN 97 FN 30]
C_rel_20min          AUROC 0.773  AUC-PR 0.721  Acc 0.714  BAcc 0.716  F1 0.704  Sens 0.746  Spec 0.687  [TP 94 FP 47 TN 103 FN 32]
D_rel+logabs_20min   AUROC 0.808  AUC-PR 0.791  Acc 0.732  BAcc 0.730  F1 0.706  Sens 0.706  Spec 0.753  [TP 89 FP 37 TN 113 FN 37]
